// Jest Snapshot v1, https://goo.gl/fbAQLP

exports[`App passes snapshot test 1`] = `
<DocumentFragment>
  <div>
    <div
      class="MuiGrid-root MuiGrid-container MuiGrid-direction-xs-column MuiGrid-align-items-xs-center"
    >
      <div
        class="MuiGrid-root makeStyles-header-1 MuiGrid-item"
      >
        <h2
          class="MuiTypography-root MuiTypography-h2"
        >
          Yodlr Homepage
        </h2>
      </div>
      <div
        class="MuiGrid-root MuiGrid-container MuiGrid-spacing-xs-4 MuiGrid-item MuiGrid-justify-xs-center"
      >
        <div
          class="MuiGrid-root MuiGrid-item"
        >
          <a
            class="MuiTypography-root MuiTypography-body1"
            href="/register"
          >
            Register
          </a>
        </div>
        <div
          class="MuiGrid-root MuiGrid-item"
        >
          <a
            class="MuiTypography-root MuiTypography-body1"
            href="/admin"
          >
            Admin
          </a>
        </div>
      </div>
    </div>
  </div>
</DocumentFragment>
`;
